// Vitest Snapshot v1, https://vitest.dev/guide/snapshot.html

exports[`I18nPlugin > should write translations according to specified parameters 1`] = `
"{
  "oneOf": {
    "O5DanteV1DeadMessageEventType": {
      "notified": "Notified",
      "rejected": "Rejected",
      "replayed": "Replayed",
      "updated": "Updated"
    }
  }
}"
`;

exports[`I18nPlugin > should write translations according to specified parameters 2`] = `
"/**
 * @generated by @pentops/jsonapi-jdef-ts-generator (Plugin: I18nPlugin) - do not edit */

import i18n from 'i18next';
import { initReactI18next } from 'react-i18next';
import enDanteNs from '../../translation/translations/en/dante.json';
import enJ5Ns from '../../translation/translations/en/j5.json';
import enO5Ns from '../../translation/translations/en/o5.json';

i18n.use(initReactI18next).init({
    resources: {
        en: {
            dante: enDanteNs,
            o5: enO5Ns,
            j5: enJ5Ns
        }
    }
})

export { i18n };
"
`;

exports[`I18nPlugin > should write translations according to specified parameters 3`] = `
"{
  "oneOf": {
    "J5AuthV1AuthenticationMethod": {
      "external": "External",
      "jwt": "JWT",
      "session": "Session"
    }
  }
}"
`;

exports[`I18nPlugin > should write translations according to specified parameters 4`] = `
"{
  "oneOf": {
    "O5MessagingV1TopicProblem": {
      "unhandledError": "Unhandled Error"
    }
  }
}"
`;
